Γû▓ Next.js 16.1.5 (Turbopack)
- Environments: .env.local
- Experiments (use with caution):
  ┬╖ serverActions

  Creating an optimized production build ...
Γ£ô Compiled successfully in 15.1s
  Running TypeScript ...
  Collecting page data using 7 workers ...
  Generating static pages using 7 workers (0/33) ...
  Generating static pages using 7 workers (8/33) 
  Generating static pages using 7 workers (16/33) 
  Generating static pages using 7 workers (24/33) 
Γ£ô Generating static pages using 7 workers (33/33) in 2.6s
  Finalizing page optimization ...

Route (app)
Γöî Γùï /
Γö£ Γùï /_not-found
Γö£ Γùï /about
Γö£ Γùï /admin/clients
Γö£ Γùï /admin/dashboard
Γö£ Γùï /admin/files
Γö£ Γùï /admin/profile
Γö£ Γùï /admin/tasks
Γö£ ╞Æ /api/auth/[...nextauth]
Γö£ ╞Æ /api/auth/signup
Γö£ Γùï /auth/error
Γö£ Γùï /blog
Γö£ ╞Æ /blog/[slug]
Γö£ Γùï /career
Γö£ Γùï /checkout
Γö£ Γùï /client/billing
Γö£ Γùï /client/dashboard
Γö£ Γùï /client/files
Γö£ Γùï /client/plan
Γö£ Γùï /client/profile
Γö£ Γùï /client/tasks
Γö£ Γùï /contact
Γö£ Γùï /login
Γö£ ╞Æ /pricing
Γö£ Γùï /services
Γö£ Γùï /signup
Γö£ Γùï /super-admin/admins
Γö£ Γùï /super-admin/clients
Γö£ Γùï /super-admin/dashboard
Γö£ Γùï /super-admin/sales
Γö£ Γùï /super-admin/settings
Γö£ Γùï /super-admin/tasks
Γö£ Γùï /super-admin/teams
Γöö Γùï /within-2-hours


╞Æ Proxy (Middleware)

Γùï  (Static)   prerendered as static content
╞Æ  (Dynamic)  server-rendered on demand

